[foo, -1] => [foo, sellin: -1, quality: -1] 
[foo, 0] => [foo, sellin: -1, quality: 0] 
[foo, 1] => [foo, sellin: -1, quality: 0] 
[Aged Brie, -1] => [Aged Brie, sellin: -1, quality: 1] 
[Aged Brie, 0] => [Aged Brie, sellin: -1, quality: 2] 
[Aged Brie, 1] => [Aged Brie, sellin: -1, quality: 3] 
[Backstage passes to a TAFKAL80ETC concert, -1] => [Backstage passes to a TAFKAL80ETC concert, sellin: -1, quality: 0] 
[Backstage passes to a TAFKAL80ETC concert, 0] => [Backstage passes to a TAFKAL80ETC concert, sellin: -1, quality: 0] 
[Backstage passes to a TAFKAL80ETC concert, 1] => [Backstage passes to a TAFKAL80ETC concert, sellin: -1, quality: 0] 
[Sulfuras, Hand of Ragnaros, -1] => [Sulfuras, Hand of Ragnaros, sellin: 0, quality: -1] 
[Sulfuras, Hand of Ragnaros, 0] => [Sulfuras, Hand of Ragnaros, sellin: 0, quality: 0] 
[Sulfuras, Hand of Ragnaros, 1] => [Sulfuras, Hand of Ragnaros, sellin: 0, quality: 1] 
